// Jest Snapshot v1, https://goo.gl/fbAQLP

exports[`Notification renders correctly 1`] = `
<ContextConsumer>
  <Component />
</ContextConsumer>
`;
